\BOOKMARK [1][-]{section.1}{\376\377\176\337\116\000\136\372\152\041\150\106\147\266}{}% 1
\BOOKMARK [2][-]{subsection.1.1}{\376\377\170\024\172\166\133\371\214\141\116\016\127\372\147\054\120\107\213\276}{section.1}% 2
\BOOKMARK [2][-]{subsection.1.2}{\376\377\176\337\116\000\166\204\160\355\215\050\117\040\220\022\145\271\172\013}{section.1}% 3
\BOOKMARK [2][-]{subsection.1.3}{\376\377\163\257\130\203\145\160\143\156\131\004\164\006\116\016\116\044\226\066\153\265\176\246\133\232}{section.1}% 4
\BOOKMARK [2][-]{subsection.1.4}{\376\377\145\160\120\074\117\335\142\244\176\246\133\232}{section.1}% 5
\BOOKMARK [1][-]{section.2}{\376\377\225\356\230\230\116\000\377\032\136\070\162\151\140\047\137\204\124\021\152\041\127\213}{}% 6
\BOOKMARK [2][-]{subsection.2.1}{\376\377\152\041\127\213\136\372\172\313}{section.2}% 7
\BOOKMARK [2][-]{subsection.2.2}{\376\377\146\076\137\017\135\356\122\006\116\016\143\247\122\066\117\123\171\273\145\143}{section.2}% 8
\BOOKMARK [3][-]{subsubsection.2.2.1}{\376\377\116\055\137\303\143\247\122\066\117\123}{subsection.2.2}% 9
\BOOKMARK [3][-]{subsubsection.2.2.2}{\376\377\210\150\227\142\123\112\143\247\122\066\117\123}{subsection.2.2}% 10
\BOOKMARK [2][-]{subsection.2.3}{\376\377\172\063\133\232\140\047\116\016\217\223\121\372}{section.2}% 11
\BOOKMARK [1][-]{section.3}{\376\377\225\356\230\230\116\214\377\032\123\330\162\151\140\047\116\044\226\066\153\265\152\041\127\213}{}% 12
\BOOKMARK [2][-]{subsection.3.1}{\376\377\152\041\127\213\136\372\172\313}{section.3}% 13
\BOOKMARK [2][-]{subsection.3.2}{\376\377\226\066\153\265\122\007\143\142\116\016\140\122\156\051\153\265\122\035\120\074}{section.3}% 14
\BOOKMARK [2][-]{subsection.3.3}{\376\377\174\373\145\160\156\336\124\016\166\204\124\016\124\021\000\040\000E\000u\000l\000e\000r\000\040\123\112\226\220\137\017\150\074\137\017}{section.3}% 15
\BOOKMARK [3][-]{subsubsection.3.3.1}{\376\377\116\055\137\303\143\247\122\066\117\123\166\204\226\220\137\017\145\271\172\013}{subsection.3.3}% 16
\BOOKMARK [3][-]{subsubsection.3.3.2}{\376\377\210\150\227\142\143\247\122\066\117\123\166\204\226\220\137\017\145\271\172\013}{subsection.3.3}% 17
\BOOKMARK [2][-]{subsection.3.4}{\376\377\225\356\230\230\116\214\217\223\121\372}{section.3}% 18
\BOOKMARK [1][-]{section.4}{\376\377\225\356\230\230\116\011\377\032\121\150\217\307\172\013\126\372\133\232\123\112\137\204\152\041\127\213}{}% 19
\BOOKMARK [2][-]{subsection.4.1}{\376\377\152\041\127\213\136\372\172\313}{section.4}% 20
\BOOKMARK [2][-]{subsection.4.2}{\376\377\121\150\217\307\172\013\154\102\211\343}{section.4}% 21
\BOOKMARK [2][-]{subsection.4.3}{\376\377\160\330\136\162\176\323\147\137\122\044\143\156}{section.4}% 22
\BOOKMARK [1][-]{section.5}{\376\377\225\356\230\230\126\333\377\032\123\330\123\112\137\204\147\120\145\231\127\120\150\007\152\041\127\213}{}% 23
\BOOKMARK [2][-]{subsection.5.1}{\376\377\171\373\122\250\217\271\165\114\116\016\147\120\145\231\127\120\150\007}{section.5}% 24
\BOOKMARK [2][-]{subsection.5.2}{\376\377\123\330\123\112\137\204\143\247\122\066\145\271\172\013\116\016\217\271\165\114\147\141\116\366}{section.5}% 25
\BOOKMARK [2][-]{subsection.5.3}{\376\377\126\372\133\232\147\120\145\231\127\120\150\007\143\247\122\066\117\123\171\273\145\143}{section.5}% 26
\BOOKMARK [2][-]{subsection.5.4}{\376\377\225\356\230\230\126\333\154\102\211\343\230\172\136\217\116\016\217\223\121\372}{section.5}% 27
\BOOKMARK [1][-]{section.6}{\376\377\126\333\225\356\154\102\211\343\155\101\172\013\154\107\140\073}{}% 28
\BOOKMARK [2][-]{subsection.6.1}{\376\377\116\343\170\001\133\371\136\224\121\163\174\373}{section.6}% 29
