\BOOKMARK [1][]{section.1}{\376\377\116\000\060\001\000\040\225\356\230\230\221\315\217\360}{}% 1
\BOOKMARK [2][]{subsection.1.1}{\376\377\0001\000.\0001\000\040\225\356\230\230\200\314\146\157}{section.1}% 2
\BOOKMARK [2][]{subsection.1.2}{\376\377\0001\000.\0002\000\040\225\356\230\230\211\201\154\102}{section.1}% 3
\BOOKMARK [1][]{section.2}{\376\377\116\214\060\001\000\040\225\356\230\230\122\006\147\220}{}% 4
\BOOKMARK [2][]{subsection.2.1}{\376\377\0002\000.\0001\000\040\225\356\230\230\116\000\122\006\147\220}{section.2}% 5
\BOOKMARK [2][]{subsection.2.2}{\376\377\0002\000.\0002\000\040\225\356\230\230\116\214\122\006\147\220}{section.2}% 6
\BOOKMARK [2][]{subsection.2.3}{\376\377\0002\000.\0003\000\040\225\356\230\230\116\011\122\006\147\220}{section.2}% 7
\BOOKMARK [2][]{subsection.2.4}{\376\377\0002\000.\0004\000\040\225\356\230\230\126\333\122\006\147\220}{section.2}% 8
\BOOKMARK [1][]{section.3}{\376\377\116\011\060\001\000\040\176\337\116\000\136\372\152\041\150\106\147\266}{}% 9
\BOOKMARK [2][]{subsection.3.1}{\376\377\0003\000.\0001\000\040\152\041\127\213\220\011\123\326}{section.3}% 10
\BOOKMARK [2][]{subsection.3.2}{\376\377\0003\000.\0002\000\040\170\024\172\166\133\371\214\141}{section.3}% 11
\BOOKMARK [2][]{subsection.3.3}{\376\377\0003\000.\0003\000\040\127\372\147\054\120\107\213\276}{section.3}% 12
\BOOKMARK [2][]{subsection.3.4}{\376\377\0003\000.\0004\000\040\176\337\116\000\166\204\160\355\215\050\117\040\220\022\145\271\172\013}{section.3}% 13
\BOOKMARK [3][]{subsubsection.3.4.1}{\376\377\0003\000.\0004\000.\0001\000\040\160\355\221\317\133\210\140\122\145\271\172\013}{subsection.3.4}% 14
\BOOKMARK [3][]{subsubsection.3.4.2}{\376\377\0003\000.\0004\000.\0002\000\040\154\064\122\006\142\151\145\143\145\271\172\013}{subsection.3.4}% 15
\BOOKMARK [3][]{subsubsection.3.4.3}{\376\377\0003\000.\0004\000.\0003\000\040\116\000\176\364\137\204\124\021\152\041\127\213}{subsection.3.4}% 16
\BOOKMARK [2][]{subsection.3.5}{\376\377\0003\000.\0005\000\040\122\035\131\313\147\141\116\366\116\016\217\271\165\114\147\141\116\366}{section.3}% 17
\BOOKMARK [3][]{subsubsection.3.5.1}{\376\377\0003\000.\0005\000.\0001\000\040\122\035\131\313\147\141\116\366}{subsection.3.5}% 18
\BOOKMARK [3][]{subsubsection.3.5.2}{\376\377\0003\000.\0005\000.\0002\000\040\116\055\137\303\133\371\171\360\147\141\116\366}{subsection.3.5}% 19
\BOOKMARK [3][]{subsubsection.3.5.3}{\376\377\0003\000.\0005\000.\0003\000\040\210\150\227\142\133\371\155\101\143\142\160\355\147\141\116\366}{subsection.3.5}% 20
\BOOKMARK [3][]{subsubsection.3.5.4}{\376\377\0003\000.\0005\000.\0004\000\040\210\150\227\142\133\371\155\101\117\040\215\050\147\141\116\366}{subsection.3.5}% 21
\BOOKMARK [2][]{subsection.3.6}{\376\377\0003\000.\0006\000\040\163\257\130\203\145\160\143\156\131\004\164\006\116\016\116\044\226\066\153\265\176\246\133\232}{section.3}% 22
\BOOKMARK [2][]{subsection.3.7}{\376\377\0003\000.\0007\000\040\172\063\133\232\140\047\122\044\145\255\116\016\217\271\165\114\122\007\143\142}{section.3}% 23
\BOOKMARK [2][]{subsection.3.8}{\376\377\0003\000.\0008\000\040\145\160\120\074\117\335\142\244\176\246\133\232}{section.3}% 24
\BOOKMARK [1][]{section.4}{\376\377\126\333\060\001\000\040\225\356\230\230\116\000\377\032\136\070\162\151\140\047\137\204\124\021\152\041\127\213\166\204\136\372\172\313\124\214\154\102\211\343}{}% 25
\BOOKMARK [2][]{subsection.4.1}{\376\377\0004\000.\0001\000\040\152\041\127\213\136\372\172\313\116\016\154\102\211\343}{section.4}% 26
\BOOKMARK [3][]{subsubsection.4.1.1}{\376\377\0004\000.\0001\000.\0001\000\040\145\366\172\172\171\273\145\143\116\016\177\121\150\074\122\022\122\006}{subsection.4.1}% 27
\BOOKMARK [3][]{subsubsection.4.1.2}{\376\377\0004\000.\0001\000.\0002\000\040\217\271\165\114\147\141\116\366\166\204\145\160\143\156\230\204\131\004\164\006}{subsection.4.1}% 28
\BOOKMARK [3][]{subsubsection.4.1.3}{\376\377\0004\000.\0001\000.\0003\000\040\121\205\220\350\202\202\160\271\146\364\145\260}{subsection.4.1}% 29
\BOOKMARK [3][]{subsubsection.4.1.4}{\376\377\0004\000.\0001\000.\0004\000\040\116\055\137\303\202\202\160\271\146\364\145\260}{subsection.4.1}% 30
\BOOKMARK [3][]{subsubsection.4.1.5}{\376\377\0004\000.\0001\000.\0005\000\040\210\150\227\142\202\202\160\271\146\364\145\260}{subsection.4.1}% 31
\BOOKMARK [3][]{subsubsection.4.1.6}{\376\377\0004\000.\0001\000.\0006\000\040\154\102\211\343\155\101\172\013\116\016\176\323\147\234\217\223\121\372}{subsection.4.1}% 32
\BOOKMARK [3][]{subsubsection.4.1.7}{\376\377\0004\000.\0001\000.\0007\000\040\172\063\133\232\140\047\147\141\116\366}{subsection.4.1}% 33
\BOOKMARK [3][]{subsubsection.4.1.8}{\376\377\0004\000.\0001\000.\0008\000\040\154\102\211\343\176\323\147\234}{subsection.4.1}% 34
\BOOKMARK [1][]{section.5}{\376\377\116\224\060\001\000\040\225\356\230\230\116\214\377\032\123\330\162\151\140\047\116\044\226\066\153\265\152\041\127\213\166\204\136\372\172\313\124\214\154\102\211\343}{}% 35
\BOOKMARK [2][]{subsection.5.1}{\376\377\0005\000.\0001\000\040\152\041\127\213\136\372\172\313}{section.5}% 36
\BOOKMARK [3][]{subsubsection.5.1.1}{\376\377\0005\000.\0001\000.\0001\000\040\123\330\162\151\140\047\121\163\174\373}{subsection.5.1}% 37
\BOOKMARK [3][]{subsubsection.5.1.2}{\376\377\0005\000.\0001\000.\0002\000\040\123\314\124\021\200\046\124\010\121\163\174\373}{subsection.5.1}% 38
\BOOKMARK [2][]{subsection.5.2}{\376\377\0005\000.\0002\000\040\226\066\153\265\122\007\143\142\116\016\140\122\156\051\153\265\122\035\120\074}{section.5}% 39
\BOOKMARK [2][]{subsection.5.3}{\376\377\0005\000.\0003\000\040\174\373\145\160\156\336\124\016\166\204\124\016\124\021\000\040\000E\000u\000l\000e\000r\000\040\123\112\226\220\137\017\150\074\137\017}{section.5}% 40
\BOOKMARK [3][]{subsubsection.5.3.1}{\376\377\0005\000.\0003\000.\0001\000\040\121\205\220\350\202\202\160\271\166\204\226\220\137\017\145\271\172\013}{subsection.5.3}% 41
\BOOKMARK [3][]{subsubsection.5.3.2}{\376\377\0005\000.\0003\000.\0002\000\040\116\055\137\303\202\202\160\271\166\204\226\220\137\017\145\271\172\013}{subsection.5.3}% 42
\BOOKMARK [3][]{subsubsection.5.3.3}{\376\377\0005\000.\0003\000.\0003\000\040\210\150\227\142\202\202\160\271\166\204\226\220\137\017\145\271\172\013}{subsection.5.3}% 43
\BOOKMARK [2][]{subsection.5.4}{\376\377\0005\000.\0004\000\040\154\102\211\343\230\172\136\217\116\016\217\223\121\372}{section.5}% 44
\BOOKMARK [2][]{subsection.5.5}{\376\377\0005\000.\0005\000\040\154\102\211\343\176\323\147\234}{section.5}% 45
\BOOKMARK [1][]{section.6}{\376\377\121\155\060\001\000\040\225\356\230\230\116\011\377\032\121\150\217\307\172\013\126\372\133\232\123\112\137\204\152\041\127\213\166\204\136\372\172\313\116\016\154\102\211\343}{}% 46
\BOOKMARK [2][]{subsection.6.1}{\376\377\0006\000.\0001\000\040\152\041\127\213\136\372\172\313}{section.6}% 47
\BOOKMARK [2][]{subsection.6.2}{\376\377\0006\000.\0002\000\040\121\150\217\307\172\013\154\102\211\343}{section.6}% 48
\BOOKMARK [2][]{subsection.6.3}{\376\377\0006\000.\0003\000\040\160\330\136\162\176\323\147\137\122\044\143\156}{section.6}% 49
\BOOKMARK [2][]{subsection.6.4}{\376\377\0006\000.\0004\000\040\154\102\211\343\176\323\147\234}{section.6}% 50
\BOOKMARK [1][]{section.7}{\376\377\116\003\060\001\000\040\225\356\230\230\126\333\377\032\123\330\123\112\137\204\147\120\145\231\127\120\150\007\152\041\127\213}{}% 51
\BOOKMARK [2][]{subsection.7.1}{\376\377\0007\000.\0001\000\040\171\373\122\250\217\271\165\114\116\016\147\120\145\231\127\120\150\007}{section.7}% 52
\BOOKMARK [2][]{subsection.7.2}{\376\377\0007\000.\0002\000\040\123\330\123\112\137\204\143\247\122\066\145\271\172\013\116\016\217\271\165\114\147\141\116\366}{section.7}% 53
\BOOKMARK [2][]{subsection.7.3}{\376\377\0007\000.\0003\000\040\126\372\133\232\147\120\145\231\127\120\150\007\143\247\122\066\117\123\171\273\145\143}{section.7}% 54
\BOOKMARK [2][]{subsection.7.4}{\376\377\0007\000.\0004\000\040\154\102\211\343\230\172\136\217}{section.7}% 55
\BOOKMARK [2][]{subsection.7.5}{\376\377\0007\000.\0005\000\040\154\102\211\343\176\323\147\234}{section.7}% 56
\BOOKMARK [1][]{section.8}{\376\377\121\153\060\001\000\040\152\041\127\213\166\204\122\006\147\220\116\016\150\300\232\214}{}% 57
\BOOKMARK [2][]{subsection.8.1}{\376\377\0008\000.\0001\000\040\176\323\147\234\150\300\232\214}{section.8}% 58
\BOOKMARK [2][]{subsection.8.2}{\376\377\0008\000.\0002\000\040\145\160\120\074\173\227\154\325\166\204\133\210\140\122\140\047\232\214\213\301}{section.8}% 59
\BOOKMARK [3][]{subsubsection.8.2.1}{\376\377\0008\000.\0002\000.\0001\000\040\200\375\221\317\133\210\140\122\150\300\232\214}{subsection.8.2}% 60
\BOOKMARK [3][]{subsubsection.8.2.2}{\376\377\0008\000.\0002\000.\0002\000\040\154\064\122\006\215\050\221\317\133\210\140\122\150\300\232\214}{subsection.8.2}% 61
\BOOKMARK [3][]{subsubsection.8.2.3}{\376\377\0008\000.\0002\000.\0003\000\040\123\330\174\373\145\160\142\151\145\143\166\204\133\210\140\122\140\047\213\364\146\016}{subsection.8.2}% 62
\BOOKMARK [2][]{subsection.8.3}{\376\377\0008\000.\0003\000\040\213\357\135\356\122\006\147\220}{section.8}% 63
\BOOKMARK [1][]{section.9}{\376\377\116\135\060\001\000\040\152\041\127\213\166\204\213\304\116\367}{}% 64
\BOOKMARK [2][]{subsection.9.1}{\376\377\0009\000.\0001\000\040\152\041\127\213\166\204\117\030\160\271}{section.9}% 65
\BOOKMARK [2][]{subsection.9.2}{\376\377\0009\000.\0002\000\040\152\041\127\213\166\204\143\250\136\177\116\016\145\071\217\333}{section.9}% 66
\BOOKMARK [2][]{subsection.9.3}{\376\377\0009\000.\0003\000\040\152\041\127\213\166\204\177\072\160\271}{section.9}% 67
\BOOKMARK [1][]{appendix.1.A}{\376\377\226\104\137\125\000\040\000A\000\040\145\207\116\366\122\027\210\150}{}% 68
\BOOKMARK [1][]{appendix.1.B}{\376\377\226\104\137\125\000\040\000B\000\040\116\343\170\001}{}% 69
\BOOKMARK [2][]{subsection.1.B.1}{\376\377\0002\000.\0001\000\040\225\356\230\230\116\000\172\013\136\217}{appendix.1.B}% 70
\BOOKMARK [2][]{subsection.1.B.2}{\376\377\0002\000.\0002\000\040\225\356\230\230\116\214\172\013\136\217}{appendix.1.B}% 71
\BOOKMARK [2][]{subsection.1.B.3}{\376\377\0002\000.\0003\000\040\225\356\230\230\116\011\172\013\136\217}{appendix.1.B}% 72
\BOOKMARK [2][]{subsection.1.B.4}{\376\377\0002\000.\0004\000\040\225\356\230\230\126\333\172\013\136\217}{appendix.1.B}% 73
\BOOKMARK [2][]{subsection.1.B.5}{\376\377\0002\000.\0005\000\040\176\337\116\000\232\214\213\301\172\013\136\217}{appendix.1.B}% 74
